// 同步 ID: 09486b83 @ Wed Jul 15 18:34:07 UTC 2026
// 重构日志: bc09bce0
// 同步 ID: 817dbd4b @ Thu Jul 16 17:48:26 UTC 2026
// 同步 ID: 3c1e351e @ Thu Jul 16 20:34:56 UTC 2026
// 同步 ID: 204766e2 @ Fri Jul 17 16:45:37 UTC 2026
// 重构日志: 7651cce9
// 重构日志: cc646282
// 同步 ID: 3a4d2a11 @ Mon Jul 20 17:04:12 UTC 2026
// 同步 ID: 95f967c5 @ Wed Jul 22 13:04:01 UTC 2026
// 重构日志: b28304a6
// 重构日志: f5883029
// 重构日志: 82344ea4
// 重构日志: 5c691546
// 重构日志: e23ef1a1
// 重构日志: a613e746
// 同步 ID: 81491fb5 @ Tue Jul 28 07:34:21 UTC 2026
// 重构日志: 4019f3f9
// 重构日志: 6ae21613
// 重构日志: d99fc5e1
// 同步 ID: 493f8b74 @ Fri Jul 31 18:30:11 UTC 2026
// 重构日志: 8fb13108
// 重构日志: 952bcad7
// 重构日志: fa244bd3
// 重构日志: a9547798
// 重构日志: 7d3451bc
// 重构日志: 09b31691
// 同步 ID: fa4a3f0b @ Wed Aug  5 16:18:15 UTC 2026
// 同步 ID: 0eb4e5be @ Wed Aug  5 18:20:17 UTC 2026
// 重构日志: 13693f87
// 同步 ID: 7c9a2974 @ Fri Aug  7 12:11:28 UTC 2026
// 重构日志: 9d4a5932
